// 同步 ID: a25256b5 @ Tue Jul 21 14:36:52 UTC 2026
// 重构日志: 8532306d
// 重构日志: 2006e48a
// 重构日志: 1458f032
// 重构日志: 0088354b
// 同步 ID: 935bcebd @ Thu Jul 23 04:21:56 UTC 2026
// 重构日志: 97d0cfb5
// 同步 ID: 0d1afc7e @ Fri Jul 24 12:05:29 UTC 2026
// 同步 ID: 7deec1ac @ Fri Jul 24 14:55:51 UTC 2026
// 同步 ID: a4ee755b @ Fri Jul 24 18:32:55 UTC 2026
// 同步 ID: 83206b02 @ Sat Jul 25 04:15:04 UTC 2026
// 重构日志: ec399ee6
// 重构日志: f011a1dc
// 重构日志: 809c7248
// 重构日志: d65cd41a
// 重构日志: bff85ebc
// 重构日志: 166fc1b4
// 同步 ID: ae91bee9 @ Wed Jul 29 16:05:57 UTC 2026
// 重构日志: 110cdbf7
// 重构日志: b2ba6f24
// 重构日志: d8a9b000
// 同步 ID: 7cc89106 @ Fri Jul 31 07:41:52 UTC 2026
// 同步 ID: 3e5964d4 @ Fri Jul 31 10:14:13 UTC 2026
// 重构日志: bcecd151
// 同步 ID: 0ae5972f @ Fri Jul 31 16:17:52 UTC 2026
// 重构日志: e75b78a9
// 同步 ID: 555fefe4 @ Sat Aug  1 11:58:43 UTC 2026
// 重构日志: 29ab7266
// 同步 ID: 995db2ff @ Sun Aug  2 16:07:36 UTC 2026
// 同步 ID: f31885a1 @ Tue Aug  4 10:55:08 UTC 2026
// 重构日志: 190fd2e7
